2025-05-03 06:32:47,763 - INFO - === Starting NLP Training Pipeline ===
2025-05-03 06:32:47,763 - INFO - Starting prepare_data...
2025-05-03 06:32:47,763 - INFO - Creating directories...
2025-05-03 06:32:47,763 - INFO - Processing intent data...
2025-05-03 06:33:06,665 - INFO - Loaded 5535193 intent samples
2025-05-03 06:33:46,026 - INFO - Split intent data: 4428154 train, 1107039 test
2025-05-03 06:33:46,028 - INFO - Processing fraud data...
2025-05-03 06:33:46,030 - ERROR - Error in prepare_data: [Errno 2] No such file or directory: 'data/conversations/raw/fraud_cases.csv'
2025-05-03 06:33:46,030 - ERROR - !!! Training failed: [Errno 2] No such file or directory: 'data/conversations/raw/fraud_cases.csv'
2025-05-03 06:36:59,999 - INFO - === Starting NLP Training Pipeline ===
2025-05-03 06:36:59,999 - INFO - Starting prepare_data...
2025-05-03 06:36:59,999 - INFO - Creating directories...
2025-05-03 06:36:59,999 - INFO - Processing intent data...
2025-05-03 06:37:19,062 - INFO - Loaded 5535193 intent samples
2025-05-03 06:37:57,118 - INFO - Split intent data: 4428154 train, 1107039 test
2025-05-03 06:37:57,119 - INFO - Processing fraud data...
2025-05-03 06:38:11,514 - INFO - Loaded 590540 fraud samples
2025-05-03 06:39:38,740 - INFO - Split fraud data: 472432 train, 118108 test
2025-05-03 06:39:44,139 - INFO - Completed prepare_data in 0:02:44.139682
2025-05-03 06:39:44,140 - INFO - Starting train_models...
2025-05-03 06:39:44,140 - INFO - Initializing vocabulary...
2025-05-03 06:40:01,959 - INFO - Creating vocabulary from 4428154 samples...
2025-05-03 06:40:18,609 - INFO - Vocabulary saved with 262885 tokens
2025-05-03 06:40:18,610 - INFO - Training intent classifier...
2025-05-03 06:40:18,611 - ERROR - Error in train_models: 'IntentClassifierTrainer' object has no attribute 'train'
2025-05-03 06:40:18,612 - ERROR - !!! Training failed: 'IntentClassifierTrainer' object has no attribute 'train'
2025-05-03 07:20:34,171 - INFO - === Starting NLP Training Pipeline ===
2025-05-03 07:20:34,172 - INFO - Starting prepare_data...
2025-05-03 07:20:34,172 - INFO - Creating directories...
2025-05-03 07:20:34,172 - INFO - Processing intent data...
2025-05-03 07:20:51,612 - INFO - Loaded 5535193 intent samples
2025-05-03 07:21:38,627 - INFO - Split intent data: 4428154 train, 1107039 test
2025-05-03 07:21:38,636 - INFO - Processing fraud data...
2025-05-03 07:21:52,832 - INFO - Loaded 590540 fraud samples
2025-05-03 07:23:17,750 - INFO - Split fraud data: 472432 train, 118108 test
2025-05-03 07:23:22,973 - INFO - Completed prepare_data in 0:02:48.800774
2025-05-03 07:23:22,974 - INFO - Starting train_models...
2025-05-03 07:23:22,974 - INFO - Initializing vocabulary...
2025-05-03 07:23:41,249 - INFO - Creating vocabulary from 4428154 samples...
2025-05-03 07:23:58,260 - INFO - Vocabulary saved with 262885 tokens
2025-05-03 07:23:58,261 - INFO - Training intent classifier...
2025-05-03 07:24:18,732 - ERROR - Error in train_models: 'IntentClassifierTrainer' object has no attribute '_determine_intent'
2025-05-03 07:24:18,752 - ERROR - !!! Training failed: 'IntentClassifierTrainer' object has no attribute '_determine_intent'
2025-05-03 10:21:56,120 - INFO - === Starting NLP Training Pipeline ===
2025-05-03 10:21:56,121 - INFO - Starting prepare_data...
2025-05-03 10:21:56,121 - INFO - Creating directories...
2025-05-03 10:21:56,121 - INFO - Processing intent data...
2025-05-03 10:22:13,875 - INFO - Loaded 5535193 intent samples
2025-05-03 10:23:11,174 - INFO - Split intent data: 4428154 train, 1107039 test
2025-05-03 10:23:11,177 - INFO - Processing fraud data...
2025-05-03 10:23:27,421 - INFO - Loaded 590540 fraud samples
2025-05-03 10:25:16,013 - INFO - Split fraud data: 472432 train, 118108 test
2025-05-03 10:25:25,522 - INFO - Completed prepare_data in 0:03:29.400282
2025-05-03 10:25:25,522 - INFO - Starting train_models...
2025-05-03 10:25:25,522 - INFO - Initializing vocabulary...
2025-05-03 10:25:44,168 - INFO - Creating vocabulary from 4428154 samples...
2025-05-03 10:26:02,263 - INFO - Vocabulary saved with 262885 tokens
2025-05-03 10:26:02,264 - INFO - Training intent classifier...
2025-05-03 10:26:23,370 - ERROR - Error in train_models: 'other' is not in list
2025-05-03 10:26:23,372 - ERROR - !!! Training failed: 'other' is not in list
2025-05-03 10:34:02,644 - INFO - === Starting NLP Training Pipeline ===
2025-05-03 10:34:02,644 - INFO - Starting prepare_data...
2025-05-03 10:34:02,645 - INFO - Creating directories...
2025-05-03 10:34:02,645 - INFO - Processing intent data...
2025-05-03 10:34:20,456 - INFO - Loaded 5535193 intent samples
2025-05-03 10:35:23,864 - INFO - Split intent data: 4428154 train, 1107039 test
2025-05-03 10:35:23,870 - INFO - Processing fraud data...
2025-05-03 10:35:38,849 - INFO - Loaded 590540 fraud samples
2025-05-03 10:37:05,405 - INFO - Split fraud data: 472432 train, 118108 test
2025-05-03 10:37:16,398 - INFO - Completed prepare_data in 0:03:13.749663
2025-05-03 10:37:16,404 - INFO - Starting train_models...
2025-05-03 10:37:16,406 - INFO - Initializing vocabulary...
2025-05-03 10:37:34,001 - INFO - Creating vocabulary from 4428154 samples...
2025-05-03 10:37:50,501 - INFO - Vocabulary saved with 262885 tokens
2025-05-03 10:37:50,503 - INFO - Training intent classifier...
2025-05-03 10:38:17,457 - ERROR - Error in train_models: 'float' object has no attribute 'lower'
2025-05-03 10:38:17,459 - ERROR - !!! Training failed: 'float' object has no attribute 'lower'
